◇ injected env (1) from .env // tip: ⌘ suppress logs { quiet: true }
Example app listening on port 3000!
{
  nombre: 'Prueba',
  apellidos: 'Inglés',
  email: 'test@test.com',
  mensaje: 'Hello, this is a message in English',
  name: ''
}
[BLOCKED_SPAM] | Motivo: Idioma no soportado (sco) | Email: test@test.com | Mensaje: "Hello, this is a message in English" | IP: ::1
{
  nombre: 'Prueba',
  name: '',
  apellidos: 'Pruevba',
  email: 'sadfjaslkdfj@jaskiodfj.com',
  telefono: '',
  mensaje: 'Este es un mensaje en español'
}
¡Correo enviado con éxito! { id: '01a0d80c-eb95-706a-a15b-6ae06bbe64f6' }
{
  nombre: 'Preuba',
  name: '',
  apellidos: 'oajsdlfj',
  email: 'dasjknfmaksj@ndsafkas.com',
  telefono: '',
  mensaje: 'Hola, vuig saure més informació de la cooperativa'
}
¡Correo enviado con éxito! { id: '01a0d80d-b53a-75bb-af38-da3ff0b32210' }
{
  nombre: 'sdfsd',
  name: '',
  apellidos: 'sdafsadd',
  email: 'sdfrds@gmail.com',
  telefono: '',
  mensaje: "hi! I'm harry potter and i'm a magician"
}
[BLOCKED_SPAM] | Motivo: Idioma no soportado (eng) | Email: sdfrds@gmail.com | Mensaje: "hi! I'm harry potter and i'm a magician" | IP: ::1
{
  nombre: 'sdfsd',
  name: '',
  apellidos: 'sdafsadd',
  email: 'sdfrds@gmail.com',
  telefono: '',
  mensaje: "hi! I'm harry potter and i'm a magician"
}
[BLOCKED_SPAM] | Motivo: Idioma no soportado (eng) | Email: sdfrds@gmail.com | Mensaje: "hi! I'm harry potter and i'm a magician" | IP: ::1
{
  nombre: 'sdfsd',
  name: '',
  apellidos: 'sdafsadd',
  email: 'sdfrds@gmail.com',
  telefono: '',
  mensaje: "hi! I'm harry potter and i'm a magician"
}
[BLOCKED_SPAM] | Motivo: Idioma no soportado (eng) | Email: sdfrds@gmail.com | Mensaje: "hi! I'm harry potter and i'm a magician" | IP: ::1
{
  nombre: 'sdfsd',
  name: '',
  apellidos: 'sdafsadd',
  email: 'sdfrds@gmail.com',
  telefono: '',
  mensaje: "hi! I'm harry potter and i'm a magician"
}
[BLOCKED_SPAM] | Motivo: Idioma no soportado (eng) | Email: sdfrds@gmail.com | Mensaje: "hi! I'm harry potter and i'm a magician" | IP: ::1
